// Jest Snapshot v1, https://jestjs.io/docs/snapshot-testing

exports[`The Gatehouse stack matches the snapshot 1`] = `
{
  "Metadata": {
    "gu:cdk:constructs": [
      "GuStringParameter",
      "GuVpcParameter",
      "GuSubnetListParameter",
      "GuStringParameter",
      "GuAlarm",
      "GuRole",
      "GuRole",
    ],
    "gu:cdk:version": "TEST",
  },
  "Parameters": {
    "PrivateSubnets": {
      "Default": "/account/vpc/primary/subnets/private",
      "Description": "A list of private subnets",
      "Type": "AWS::SSM::Parameter::Value<List<AWS::EC2::Subnet::Id>>",
    },
    "VpcId": {
      "Default": "/account/vpc/primary/id",
      "Description": "Virtual Private Cloud to run EC2 instances within. Should NOT be the account default VPC.",
      "Type": "AWS::SSM::Parameter::Value<AWS::EC2::VPC::Id>",
    },
    "alarmNotificationEmail": {
      "Default": "/TEST/identity/gatehouse/alarmNotificationEmail",
      "Description": "Notification email for gatehouse DB Alarms.",
      "Type": "AWS::SSM::Parameter::Value<String>",
    },
    "rdsSecurityGroupId": {
      "Default": "/TEST/identity/gatehouse/rdsSecurityGroup/id",
      "Description": "ID of database security group.",
      "Type": "AWS::SSM::Parameter::Value<String>",
    },
  },
  "Resources": {
    "ClientSecurityGroupOutputParameter16694915": {
      "Properties": {
        "Name": "/TEST/identity/gatehouse/db-clients-security-group",
        "Tags": {
          "Stack": "identity",
          "Stage": "TEST",
          "gu:cdk:version": "TEST",
          "gu:repo": "guardian/gatehouse",
        },
        "Type": "String",
        "Value": {
          "Fn::GetAtt": [
            "RDSSecurityGroupClientsE0F4CB29",
            "GroupId",
          ],
        },
      },
      "Type": "AWS::SSM::Parameter",
    },
    "DMSGatehouseTargetEndpoint": {
      "Properties": {
        "DatabaseName": "gatehouse",
        "EndpointType": "target",
        "EngineName": "postgres",
        "PostgreSqlSettings": {
          "SecretsManagerAccessRoleArn": {
            "Fn::GetAtt": [
              "DMSTargetIamRole66589FB2",
              "Arn",
            ],
          },
          "SecretsManagerSecretId": {
            "Ref": "DMSTargetCredentials69E635CE",
          },
        },
        "SslMode": "require",
        "Tags": [
          {
            "Key": "gu:cdk:version",
            "Value": "TEST",
          },
          {
            "Key": "gu:repo",
            "Value": "guardian/gatehouse",
          },
          {
            "Key": "Stack",
            "Value": "identity",
          },
          {
            "Key": "Stage",
            "Value": "TEST",
          },
        ],
      },
      "Type": "AWS::DMS::Endpoint",
    },
    "DMSIdentitySourceEndpoint": {
      "Properties": {
        "DatabaseName": "identitydb",
        "EndpointType": "source",
        "EngineName": "postgres",
        "PostgreSqlSettings": {
          "SecretsManagerAccessRoleArn": {
            "Fn::GetAtt": [
              "DMSSourceIamRole0E67A5F6",
              "Arn",
            ],
          },
          "SecretsManagerSecretId": {
            "Ref": "DMSSourceCredentials751FB3FA",
          },
        },
        "SslMode": "require",
        "Tags": [
          {
            "Key": "gu:cdk:version",
            "Value": "TEST",
          },
          {
            "Key": "gu:repo",
            "Value": "guardian/gatehouse",
          },
          {
            "Key": "Stack",
            "Value": "identity",
          },
          {
            "Key": "Stage",
            "Value": "TEST",
          },
        ],
      },
      "Type": "AWS::DMS::Endpoint",
    },
    "DMSReplicationConfig": {
      "Properties": {
        "ComputeConfig": {
          "MaxCapacityUnits": 8,
          "MinCapacityUnits": 1,
          "ReplicationSubnetGroupId": {
            "Ref": "DMSReplicationSubnetGroup",
          },
          "VpcSecurityGroupIds": [
            {
              "Fn::GetAtt": [
                "RDSSecurityGroupClientsE0F4CB29",
                "GroupId",
              ],
            },
            {
              "Ref": "rdsSecurityGroupId",
            },
          ],
        },
        "ReplicationConfigIdentifier": "gatehouse-TEST",
        "ReplicationSettings": {
          "Logging": {
            "EnableLogging": true,
          },
        },
        "ReplicationType": "full-load",
        "SourceEndpointArn": {
          "Ref": "DMSIdentitySourceEndpoint",
        },
        "TableMappings": {
          "rules": [
            {
              "filters": [],
              "object-locator": {
                "schema-name": "public",
                "table-name": "clients",
              },
              "rule-action": "include",
              "rule-id": "1",
              "rule-name": "1",
              "rule-type": "selection",
            },
            {
              "filters": [],
              "object-locator": {
                "schema-name": "public",
                "table-name": "clientaccesstokens",
              },
              "rule-action": "include",
              "rule-id": "2",
              "rule-name": "2",
              "rule-type": "selection",
            },
            {
              "object-locator": {
                "schema-name": "public",
                "table-name": "clients",
              },
              "rule-action": "add-prefix",
              "rule-id": "3",
              "rule-name": "3",
              "rule-target": "table",
              "rule-type": "transformation",
              "value": "identity_",
            },
            {
              "object-locator": {
                "schema-name": "public",
                "table-name": "clientaccesstokens",
              },
              "rule-action": "add-prefix",
              "rule-id": "4",
              "rule-name": "4",
              "rule-target": "table",
              "rule-type": "transformation",
              "value": "identity_",
            },
          ],
        },
        "Tags": [
          {
            "Key": "gu:cdk:version",
            "Value": "TEST",
          },
          {
            "Key": "gu:repo",
            "Value": "guardian/gatehouse",
          },
          {
            "Key": "Stack",
            "Value": "identity",
          },
          {
            "Key": "Stage",
            "Value": "TEST",
          },
        ],
        "TargetEndpointArn": {
          "Ref": "DMSGatehouseTargetEndpoint",
        },
      },
      "Type": "AWS::DMS::ReplicationConfig",
    },
    "DMSReplicationSubnetGroup": {
      "Properties": {
        "ReplicationSubnetGroupDescription": "DMS Replication Subnet Group",
        "SubnetIds": [
          {
            "Fn::Select": [
              0,
              {
                "Ref": "PrivateSubnets",
              },
            ],
          },
          {
            "Fn::Select": [
              1,
              {
                "Ref": "PrivateSubnets",
              },
            ],
          },
          {
            "Fn::Select": [
              2,
              {
                "Ref": "PrivateSubnets",
              },
            ],
          },
        ],
        "Tags": [
          {
            "Key": "gu:cdk:version",
            "Value": "TEST",
          },
          {
            "Key": "gu:repo",
            "Value": "guardian/gatehouse",
          },
          {
            "Key": "Stack",
            "Value": "identity",
          },
          {
            "Key": "Stage",
            "Value": "TEST",
          },
        ],
      },
      "Type": "AWS::DMS::ReplicationSubnetGroup",
    },
    "DMSSourceCredentials751FB3FA": {
      "DeletionPolicy": "Delete",
      "Properties": {
        "GenerateSecretString": {},
        "Tags": [
          {
            "Key": "gu:cdk:version",
            "Value": "TEST",
          },
          {
            "Key": "gu:repo",
            "Value": "guardian/gatehouse",
          },
          {
            "Key": "Stack",
            "Value": "identity",
          },
          {
            "Key": "Stage",
            "Value": "TEST",
          },
        ],
      },
      "Type": "AWS::SecretsManager::Secret",
      "UpdateReplacePolicy": "Delete",
    },
    "DMSSourceIamRole0E67A5F6": {
      "Properties": {
        "AssumeRolePolicyDocument": {
          "Statement": [
            {
              "Action": "sts:AssumeRole",
              "Condition": {
                "StringEquals": {
                  "aws:SourceAccount": {
                    "Ref": "AWS::AccountId",
                  },
                },
              },
              "Effect": "Allow",
              "Principal": {
                "Service": "dms.amazonaws.com",
              },
            },
            {
              "Action": "sts:AssumeRole",
              "Condition": {
                "StringEquals": {
                  "aws:SourceAccount": {
                    "Ref": "AWS::AccountId",
                  },
                },
              },
              "Effect": "Allow",
              "Principal": {
                "Service": "dms.eu-west-1.amazonaws.com",
              },
            },
            {
              "Action": "sts:AssumeRole",
              "Condition": {
                "StringEquals": {
                  "aws:SourceAccount": {
                    "Ref": "AWS::AccountId",
                  },
                },
              },
              "Effect": "Allow",
              "Principal": {
                "Service": "dms-data-migrations.amazonaws.com",
              },
            },
          ],
          "Version": "2012-10-17",
        },
        "Policies": [
          {
            "PolicyDocument": {
              "Statement": [
                {
                  "Action": [
                    "secretsmanager:DescribeSecret",
                    "secretsmanager:GetSecretValue",
                  ],
                  "Effect": "Allow",
                  "Resource": {
                    "Ref": "DMSSourceCredentials751FB3FA",
                  },
                },
              ],
              "Version": "2012-10-17",
            },
            "PolicyName": "retrieveCredentials",
          },
        ],
        "Tags": [
          {
            "Key": "gu:cdk:version",
            "Value": "TEST",
          },
          {
            "Key": "gu:repo",
            "Value": "guardian/gatehouse",
          },
          {
            "Key": "Stack",
            "Value": "identity",
          },
          {
            "Key": "Stage",
            "Value": "TEST",
          },
        ],
      },
      "Type": "AWS::IAM::Role",
    },
    "DMSTargetCredentials69E635CE": {
      "DeletionPolicy": "Delete",
      "Properties": {
        "GenerateSecretString": {},
        "Tags": [
          {
            "Key": "gu:cdk:version",
            "Value": "TEST",
          },
          {
            "Key": "gu:repo",
            "Value": "guardian/gatehouse",
          },
          {
            "Key": "Stack",
            "Value": "identity",
          },
          {
            "Key": "Stage",
            "Value": "TEST",
          },
        ],
      },
      "Type": "AWS::SecretsManager::Secret",
      "UpdateReplacePolicy": "Delete",
    },
    "DMSTargetIamRole66589FB2": {
      "Properties": {
        "AssumeRolePolicyDocument": {
          "Statement": [
            {
              "Action": "sts:AssumeRole",
              "Condition": {
                "StringEquals": {
                  "aws:SourceAccount": {
                    "Ref": "AWS::AccountId",
                  },
                },
              },
              "Effect": "Allow",
              "Principal": {
                "Service": "dms.amazonaws.com",
              },
            },
            {
              "Action": "sts:AssumeRole",
              "Condition": {
                "StringEquals": {
                  "aws:SourceAccount": {
                    "Ref": "AWS::AccountId",
                  },
                },
              },
              "Effect": "Allow",
              "Principal": {
                "Service": "dms.eu-west-1.amazonaws.com",
              },
            },
            {
              "Action": "sts:AssumeRole",
              "Condition": {
                "StringEquals": {
                  "aws:SourceAccount": {
                    "Ref": "AWS::AccountId",
                  },
                },
              },
              "Effect": "Allow",
              "Principal": {
                "Service": "dms-data-migrations.amazonaws.com",
              },
            },
          ],
          "Version": "2012-10-17",
        },
        "Policies": [
          {
            "PolicyDocument": {
              "Statement": [
                {
                  "Action": [
                    "secretsmanager:DescribeSecret",
                    "secretsmanager:GetSecretValue",
                  ],
                  "Effect": "Allow",
                  "Resource": {
                    "Ref": "DMSTargetCredentials69E635CE",
                  },
                },
              ],
              "Version": "2012-10-17",
            },
            "PolicyName": "retrieveCredentials",
          },
        ],
        "Tags": [
          {
            "Key": "gu:cdk:version",
            "Value": "TEST",
          },
          {
            "Key": "gu:repo",
            "Value": "guardian/gatehouse",
          },
          {
            "Key": "Stack",
            "Value": "identity",
          },
          {
            "Key": "Stage",
            "Value": "TEST",
          },
        ],
      },
      "Type": "AWS::IAM::Role",
    },
    "DatabaseClusterIdentifierOutputParameterC8ADF3BB": {
      "Properties": {
        "Name": "/TEST/identity/gatehouse/db-identifier",
        "Tags": {
          "Stack": "identity",
          "Stage": "TEST",
          "gu:cdk:version": "TEST",
          "gu:repo": "guardian/gatehouse",
        },
        "Type": "String",
        "Value": {
          "Ref": "GatehouseDbFE0B3FEE",
        },
      },
      "Type": "AWS::SSM::Parameter",
    },
    "DatabaseClusterResourceIdentifierOutputParameterB1B033B2": {
      "Properties": {
        "Name": "/TEST/identity/gatehouse/db-resource-identifier",
        "Tags": {
          "Stack": "identity",
          "Stage": "TEST",
          "gu:cdk:version": "TEST",
          "gu:repo": "guardian/gatehouse",
        },
        "Type": "String",
        "Value": {
          "Fn::GetAtt": [
            "GatehouseDbFE0B3FEE",
            "DBClusterResourceId",
          ],
        },
      },
      "Type": "AWS::SSM::Parameter",
    },
    "GatehouseDbFE0B3FEE": {
      "DeletionPolicy": "Snapshot",
      "Properties": {
        "AutoMinorVersionUpgrade": true,
        "BackupRetentionPeriod": 14,
        "CopyTagsToSnapshot": true,
        "DBClusterParameterGroupName": {
          "Ref": "GatehouseDbParameterGroupAD12D077",
        },
        "DBSubnetGroupName": {
          "Ref": "GatehouseDbSubnetsD1F185BF",
        },
        "DatabaseName": "gatehouse",
        "DeletionProtection": true,
        "EnableHttpEndpoint": true,
        "EnableIAMDatabaseAuthentication": true,
        "Engine": "aurora-postgresql",
        "EngineVersion": "16.6",
        "ManageMasterUserPassword": true,
        "MasterUsername": "postgres",
        "MonitoringInterval": 60,
        "MonitoringRoleArn": {
          "Fn::GetAtt": [
            "GatehouseDbMonitoringRole2A95BC4D",
            "Arn",
          ],
        },
        "PerformanceInsightsEnabled": true,
        "PerformanceInsightsRetentionPeriod": 7,
        "Port": 5432,
        "PreferredMaintenanceWindow": "Wed:04:30-Wed:05:00",
        "ServerlessV2ScalingConfiguration": {
          "MaxCapacity": 1,
          "MinCapacity": 0,
        },
        "StorageEncrypted": true,
        "Tags": [
          {
            "Key": "devx-backup-enabled",
            "Value": "true",
          },
          {
            "Key": "gu:cdk:version",
            "Value": "TEST",
          },
          {
            "Key": "gu:repo",
            "Value": "guardian/gatehouse",
          },
          {
            "Key": "Stack",
            "Value": "identity",
          },
          {
            "Key": "Stage",
            "Value": "TEST",
          },
        ],
        "VpcSecurityGroupIds": [
          {
            "Fn::GetAtt": [
              "RDSSecurityGroupRules40FD365B",
              "GroupId",
            ],
          },
        ],
      },
      "Type": "AWS::RDS::DBCluster",
      "UpdateReplacePolicy": "Snapshot",
    },
    "GatehouseDbMonitoringRole2A95BC4D": {
      "Properties": {
        "AssumeRolePolicyDocument": {
          "Statement": [
            {
              "Action": "sts:AssumeRole",
              "Effect": "Allow",
              "Principal": {
                "Service": "monitoring.rds.amazonaws.com",
              },
            },
          ],
          "Version": "2012-10-17",
        },
        "ManagedPolicyArns": [
          {
            "Fn::Join": [
              "",
              [
                "arn:",
                {
                  "Ref": "AWS::Partition",
                },
                ":iam::aws:policy/service-role/AmazonRDSEnhancedMonitoringRole",
              ],
            ],
          },
        ],
        "Tags": [
          {
            "Key": "devx-backup-enabled",
            "Value": "true",
          },
          {
            "Key": "gu:cdk:version",
            "Value": "TEST",
          },
          {
            "Key": "gu:repo",
            "Value": "guardian/gatehouse",
          },
          {
            "Key": "Stack",
            "Value": "identity",
          },
          {
            "Key": "Stage",
            "Value": "TEST",
          },
        ],
      },
      "Type": "AWS::IAM::Role",
    },
    "GatehouseDbParameterGroupAD12D077": {
      "Properties": {
        "Description": "Cluster parameter group for aurora-postgresql16",
        "Family": "aurora-postgresql16",
        "Parameters": {
          "rds.force_ssl": "1",
        },
        "Tags": [
          {
            "Key": "devx-backup-enabled",
            "Value": "true",
          },
          {
            "Key": "gu:cdk:version",
            "Value": "TEST",
          },
          {
            "Key": "gu:repo",
            "Value": "guardian/gatehouse",
          },
          {
            "Key": "Stack",
            "Value": "identity",
          },
          {
            "Key": "Stage",
            "Value": "TEST",
          },
        ],
      },
      "Type": "AWS::RDS::DBClusterParameterGroup",
    },
    "GatehouseDbSubnetsD1F185BF": {
      "Properties": {
        "DBSubnetGroupDescription": "Subnets for GatehouseDb database",
        "SubnetIds": [
          {
            "Fn::Select": [
              0,
              {
                "Ref": "PrivateSubnets",
              },
            ],
          },
          {
            "Fn::Select": [
              1,
              {
                "Ref": "PrivateSubnets",
              },
            ],
          },
          {
            "Fn::Select": [
              2,
              {
                "Ref": "PrivateSubnets",
              },
            ],
          },
        ],
        "Tags": [
          {
            "Key": "devx-backup-enabled",
            "Value": "true",
          },
          {
            "Key": "gu:cdk:version",
            "Value": "TEST",
          },
          {
            "Key": "gu:repo",
            "Value": "guardian/gatehouse",
          },
          {
            "Key": "Stack",
            "Value": "identity",
          },
          {
            "Key": "Stage",
            "Value": "TEST",
          },
        ],
      },
      "Type": "AWS::RDS::DBSubnetGroup",
    },
    "GatehouseDbreader63FF6C0B": {
      "DeletionPolicy": "Delete",
      "DependsOn": [
        "GatehouseDbwriter4093A800",
      ],
      "Properties": {
        "DBClusterIdentifier": {
          "Ref": "GatehouseDbFE0B3FEE",
        },
        "DBInstanceClass": "db.serverless",
        "Engine": "aurora-postgresql",
        "PromotionTier": 2,
        "PubliclyAccessible": false,
        "Tags": [
          {
            "Key": "devx-backup-enabled",
            "Value": "true",
          },
          {
            "Key": "gu:cdk:version",
            "Value": "TEST",
          },
          {
            "Key": "gu:repo",
            "Value": "guardian/gatehouse",
          },
          {
            "Key": "Stack",
            "Value": "identity",
          },
          {
            "Key": "Stage",
            "Value": "TEST",
          },
        ],
      },
      "Type": "AWS::RDS::DBInstance",
      "UpdateReplacePolicy": "Delete",
    },
    "GatehouseDbwriter4093A800": {
      "DeletionPolicy": "Delete",
      "Properties": {
        "DBClusterIdentifier": {
          "Ref": "GatehouseDbFE0B3FEE",
        },
        "DBInstanceClass": "db.serverless",
        "Engine": "aurora-postgresql",
        "PromotionTier": 0,
        "PubliclyAccessible": false,
        "Tags": [
          {
            "Key": "devx-backup-enabled",
            "Value": "true",
          },
          {
            "Key": "gu:cdk:version",
            "Value": "TEST",
          },
          {
            "Key": "gu:repo",
            "Value": "guardian/gatehouse",
          },
          {
            "Key": "Stack",
            "Value": "identity",
          },
          {
            "Key": "Stage",
            "Value": "TEST",
          },
        ],
      },
      "Type": "AWS::RDS::DBInstance",
      "UpdateReplacePolicy": "Delete",
    },
    "HighUsageAlarm983B2726": {
      "Properties": {
        "ActionsEnabled": false,
        "AlarmActions": [
          {
            "Fn::Join": [
              "",
              [
                "arn:aws:sns:",
                {
                  "Ref": "AWS::Region",
                },
                ":",
                {
                  "Ref": "AWS::AccountId",
                },
                ":",
                {
                  "Fn::GetAtt": [
                    "NotificationTopicEB7A0DF1",
                    "TopicName",
                  ],
                },
              ],
            ],
          },
        ],
        "AlarmDescription": "Gatehouse usage is above 80%",
        "AlarmName": "High usage in TEST Gatehouse database",
        "ComparisonOperator": "GreaterThanOrEqualToThreshold",
        "Dimensions": [
          {
            "Name": "DBClusterIdentifier",
            "Value": {
              "Ref": "GatehouseDbFE0B3FEE",
            },
          },
        ],
        "EvaluationPeriods": 2,
        "MetricName": "ACUUtilization",
        "Namespace": "AWS/RDS",
        "Period": 60,
        "Statistic": "Average",
        "Tags": [
          {
            "Key": "gu:cdk:version",
            "Value": "TEST",
          },
          {
            "Key": "gu:repo",
            "Value": "guardian/gatehouse",
          },
          {
            "Key": "Stack",
            "Value": "identity",
          },
          {
            "Key": "Stage",
            "Value": "TEST",
          },
        ],
        "Threshold": 80,
      },
      "Type": "AWS::CloudWatch::Alarm",
    },
    "NotificationTopicEB7A0DF1": {
      "Properties": {
        "DisplayName": "Gatehouse notifications",
        "Tags": [
          {
            "Key": "gu:cdk:version",
            "Value": "TEST",
          },
          {
            "Key": "gu:repo",
            "Value": "guardian/gatehouse",
          },
          {
            "Key": "Stack",
            "Value": "identity",
          },
          {
            "Key": "Stage",
            "Value": "TEST",
          },
        ],
      },
      "Type": "AWS::SNS::Topic",
    },
    "NotificationTopicTokenSubscription180FA58AD": {
      "Properties": {
        "Endpoint": {
          "Ref": "alarmNotificationEmail",
        },
        "Protocol": "email",
        "TopicArn": {
          "Ref": "NotificationTopicEB7A0DF1",
        },
      },
      "Type": "AWS::SNS::Subscription",
    },
    "RDSSecurityGroupClientsE0F4CB29": {
      "Properties": {
        "GroupDescription": "Allow access to Gatehouse DB from Clients",
        "SecurityGroupEgress": [
          {
            "CidrIp": "255.255.255.255/32",
            "Description": "Disallow all traffic",
            "FromPort": 252,
            "IpProtocol": "icmp",
            "ToPort": 86,
          },
        ],
        "Tags": [
          {
            "Key": "gu:cdk:version",
            "Value": "TEST",
          },
          {
            "Key": "gu:repo",
            "Value": "guardian/gatehouse",
          },
          {
            "Key": "Stack",
            "Value": "identity",
          },
          {
            "Key": "Stage",
            "Value": "TEST",
          },
        ],
        "VpcId": {
          "Ref": "VpcId",
        },
      },
      "Type": "AWS::EC2::SecurityGroup",
    },
    "RDSSecurityGroupRules40FD365B": {
      "Properties": {
        "GroupDescription": "gatehouse-TEST/RDSSecurityGroupRules",
        "SecurityGroupEgress": [
          {
            "CidrIp": "255.255.255.255/32",
            "Description": "Disallow all traffic",
            "FromPort": 252,
            "IpProtocol": "icmp",
            "ToPort": 86,
          },
        ],
        "Tags": [
          {
            "Key": "gu:cdk:version",
            "Value": "TEST",
          },
          {
            "Key": "gu:repo",
            "Value": "guardian/gatehouse",
          },
          {
            "Key": "Stack",
            "Value": "identity",
          },
          {
            "Key": "Stage",
            "Value": "TEST",
          },
        ],
        "VpcId": {
          "Ref": "VpcId",
        },
      },
      "Type": "AWS::EC2::SecurityGroup",
    },
    "RDSSecurityGroupRulesfromgatehouseTESTRDSSecurityGroupClientsEA96E72954327FBC3317": {
      "Properties": {
        "Description": "from gatehouseTESTRDSSecurityGroupClientsEA96E729:5432",
        "FromPort": 5432,
        "GroupId": {
          "Fn::GetAtt": [
            "RDSSecurityGroupRules40FD365B",
            "GroupId",
          ],
        },
        "IpProtocol": "tcp",
        "SourceSecurityGroupId": {
          "Fn::GetAtt": [
            "RDSSecurityGroupClientsE0F4CB29",
            "GroupId",
          ],
        },
        "ToPort": 5432,
      },
      "Type": "AWS::EC2::SecurityGroupIngress",
    },
  },
}
`;
